mode: set
github.com/Eric033/x-mate/engine/handlers/damper/damper.go:18.109,19.20 1 1
github.com/Eric033/x-mate/engine/handlers/damper/damper.go:19.20,21.3 1 0
github.com/Eric033/x-mate/engine/handlers/damper/damper.go:24.2,25.16 2 1
github.com/Eric033/x-mate/engine/handlers/damper/damper.go:25.16,27.3 1 1
github.com/Eric033/x-mate/engine/handlers/damper/damper.go:29.2,31.16 3 1
github.com/Eric033/x-mate/engine/handlers/damper/damper.go:31.16,33.3 1 0
github.com/Eric033/x-mate/engine/handlers/damper/damper.go:36.2,40.16 3 1
github.com/Eric033/x-mate/engine/handlers/damper/damper.go:40.16,42.3 1 1
github.com/Eric033/x-mate/engine/handlers/damper/damper.go:44.2,48.16 4 1
github.com/Eric033/x-mate/engine/handlers/damper/damper.go:48.16,50.3 1 1
github.com/Eric033/x-mate/engine/handlers/damper/damper.go:52.2,54.23 2 1
github.com/Eric033/x-mate/engine/handlers/damper/damper.go:54.23,56.3 1 1
github.com/Eric033/x-mate/engine/handlers/damper/damper.go:59.2,61.33 3 1
github.com/Eric033/x-mate/engine/handlers/damper/damper.go:61.33,63.24 2 1
github.com/Eric033/x-mate/engine/handlers/damper/damper.go:63.24,66.4 2 1
github.com/Eric033/x-mate/engine/handlers/damper/damper.go:70.2,71.31 2 1
github.com/Eric033/x-mate/engine/handlers/damper/damper.go:71.31,73.16 2 1
github.com/Eric033/x-mate/engine/handlers/damper/damper.go:73.16,75.4 1 1
github.com/Eric033/x-mate/engine/handlers/damper/damper.go:78.2,83.3 1 1
github.com/Eric033/x-mate/engine/handlers/damper/damper.go:89.109,90.20 1 1
github.com/Eric033/x-mate/engine/handlers/damper/damper.go:90.20,92.3 1 0
github.com/Eric033/x-mate/engine/handlers/damper/damper.go:95.2,96.16 2 1
github.com/Eric033/x-mate/engine/handlers/damper/damper.go:96.16,98.3 1 1
github.com/Eric033/x-mate/engine/handlers/damper/damper.go:100.2,102.16 3 1
github.com/Eric033/x-mate/engine/handlers/damper/damper.go:102.16,104.3 1 0
github.com/Eric033/x-mate/engine/handlers/damper/damper.go:107.2,115.16 5 1
github.com/Eric033/x-mate/engine/handlers/damper/damper.go:115.16,117.3 1 1
github.com/Eric033/x-mate/engine/handlers/damper/damper.go:119.2,123.16 4 1
github.com/Eric033/x-mate/engine/handlers/damper/damper.go:123.16,125.3 1 0
github.com/Eric033/x-mate/engine/handlers/damper/damper.go:127.2,129.24 2 1
github.com/Eric033/x-mate/engine/handlers/damper/damper.go:129.24,131.3 1 1
github.com/Eric033/x-mate/engine/handlers/damper/damper.go:134.2,136.33 3 1
github.com/Eric033/x-mate/engine/handlers/damper/damper.go:136.33,138.24 2 1
github.com/Eric033/x-mate/engine/handlers/damper/damper.go:138.24,141.4 2 1
github.com/Eric033/x-mate/engine/handlers/damper/damper.go:145.2,146.31 2 1
github.com/Eric033/x-mate/engine/handlers/damper/damper.go:146.31,148.16 2 1
github.com/Eric033/x-mate/engine/handlers/damper/damper.go:148.16,150.4 1 1
github.com/Eric033/x-mate/engine/handlers/damper/damper.go:153.2,158.3 1 1
github.com/Eric033/x-mate/engine/handlers/damper/damper.go:162.37,165.2 2 1
github.com/Eric033/x-mate/engine/handlers/http/http.go:16.51,24.29 5 1
github.com/Eric033/x-mate/engine/handlers/http/http.go:24.29,26.17 2 1
github.com/Eric033/x-mate/engine/handlers/http/http.go:26.17,27.12 1 1
github.com/Eric033/x-mate/engine/handlers/http/http.go:30.3,32.14 3 1
github.com/Eric033/x-mate/engine/handlers/http/http.go:32.14,34.4 1 1
github.com/Eric033/x-mate/engine/handlers/http/http.go:36.3,40.35 3 1
github.com/Eric033/x-mate/engine/handlers/http/http.go:40.35,44.18 3 1
github.com/Eric033/x-mate/engine/handlers/http/http.go:44.18,46.5 1 0
github.com/Eric033/x-mate/engine/handlers/http/http.go:47.4,47.27 1 1
github.com/Eric033/x-mate/engine/handlers/http/http.go:48.9,51.18 2 1
github.com/Eric033/x-mate/engine/handlers/http/http.go:51.18,53.5 1 0
github.com/Eric033/x-mate/engine/handlers/http/http.go:53.10,55.5 1 1
github.com/Eric033/x-mate/engine/handlers/http/http.go:58.2,58.16 1 1
github.com/Eric033/x-mate/engine/handlers/http/http.go:66.101,69.17 2 1
github.com/Eric033/x-mate/engine/handlers/http/http.go:69.17,72.3 2 1
github.com/Eric033/x-mate/engine/handlers/http/http.go:72.8,73.40 1 1
github.com/Eric033/x-mate/engine/handlers/http/http.go:73.40,75.4 1 1
github.com/Eric033/x-mate/engine/handlers/http/http.go:76.3,76.44 1 1
github.com/Eric033/x-mate/engine/handlers/http/http.go:76.44,78.4 1 1
github.com/Eric033/x-mate/engine/handlers/http/http.go:82.2,82.48 1 1
github.com/Eric033/x-mate/engine/handlers/http/http.go:82.48,84.3 1 1
github.com/Eric033/x-mate/engine/handlers/http/http.go:85.2,85.54 1 1
github.com/Eric033/x-mate/engine/handlers/http/http.go:85.54,87.3 1 1
github.com/Eric033/x-mate/engine/handlers/http/http.go:90.2,92.18 3 1
github.com/Eric033/x-mate/engine/handlers/http/http.go:92.18,94.3 1 1
github.com/Eric033/x-mate/engine/handlers/http/http.go:97.2,101.35 3 1
github.com/Eric033/x-mate/engine/handlers/http/http.go:101.35,105.3 3 1
github.com/Eric033/x-mate/engine/handlers/http/http.go:108.2,109.37 2 1
github.com/Eric033/x-mate/engine/handlers/http/http.go:109.37,112.3 2 1
github.com/Eric033/x-mate/engine/handlers/http/http.go:115.2,128.16 5 1
github.com/Eric033/x-mate/engine/handlers/http/http.go:128.16,130.3 1 1
github.com/Eric033/x-mate/engine/handlers/http/http.go:133.2,135.33 3 1
github.com/Eric033/x-mate/engine/handlers/http/http.go:135.33,137.3 1 1
github.com/Eric033/x-mate/engine/handlers/http/http.go:140.2,148.3 3 1
github.com/Eric033/x-mate/engine/handlers/http/http.go:151.104,153.28 2 1
github.com/Eric033/x-mate/engine/handlers/http/http.go:153.28,155.27 2 1
github.com/Eric033/x-mate/engine/handlers/http/http.go:155.27,157.4 1 1
github.com/Eric033/x-mate/engine/handlers/http/http.go:157.9,159.38 1 1
github.com/Eric033/x-mate/engine/handlers/http/http.go:159.38,161.5 1 1
github.com/Eric033/x-mate/engine/handlers/http/http.go:161.10,161.45 1 1
github.com/Eric033/x-mate/engine/handlers/http/http.go:161.45,163.19 2 1
github.com/Eric033/x-mate/engine/handlers/http/http.go:163.19,165.6 1 1
github.com/Eric033/x-mate/engine/handlers/http/http.go:169.3,169.24 1 1
github.com/Eric033/x-mate/engine/handlers/http/http.go:169.24,172.4 1 1
github.com/Eric033/x-mate/engine/handlers/http/http.go:175.2,175.23 1 1
github.com/Eric033/x-mate/engine/handlers/http/http.go:175.23,177.3 1 1
github.com/Eric033/x-mate/engine/handlers/http/http.go:178.2,178.17 1 1
github.com/Eric033/x-mate/engine/handlers/http/http.go:181.101,182.26 1 1
github.com/Eric033/x-mate/engine/handlers/http/http.go:182.26,184.32 2 1
github.com/Eric033/x-mate/engine/handlers/http/http.go:184.32,186.4 1 1
github.com/Eric033/x-mate/engine/handlers/http/http.go:186.9,186.47 1 1
github.com/Eric033/x-mate/engine/handlers/http/http.go:186.47,188.4 1 1
github.com/Eric033/x-mate/engine/handlers/http/http.go:189.3,189.16 1 1
github.com/Eric033/x-mate/engine/handlers/http/http.go:189.16,191.4 1 1
github.com/Eric033/x-mate/engine/handlers/http/http.go:196.36,203.2 6 1
github.com/Eric033/x-mate/engine/handlers/rsa/rsa.go:18.100,22.18 3 1
github.com/Eric033/x-mate/engine/handlers/rsa/rsa.go:22.18,24.3 1 1
github.com/Eric033/x-mate/engine/handlers/rsa/rsa.go:27.2,28.16 2 1
github.com/Eric033/x-mate/engine/handlers/rsa/rsa.go:28.16,30.3 1 1
github.com/Eric033/x-mate/engine/handlers/rsa/rsa.go:33.2,34.16 2 1
github.com/Eric033/x-mate/engine/handlers/rsa/rsa.go:34.16,36.3 1 0
github.com/Eric033/x-mate/engine/handlers/rsa/rsa.go:38.2,41.31 2 1
github.com/Eric033/x-mate/engine/handlers/rsa/rsa.go:41.31,43.3 1 1
github.com/Eric033/x-mate/engine/handlers/rsa/rsa.go:45.2,48.3 1 1
github.com/Eric033/x-mate/engine/handlers/rsa/rsa.go:52.63,55.18 2 1
github.com/Eric033/x-mate/engine/handlers/rsa/rsa.go:55.18,57.17 2 1
github.com/Eric033/x-mate/engine/handlers/rsa/rsa.go:57.17,59.4 1 0
github.com/Eric033/x-mate/engine/handlers/rsa/rsa.go:60.3,61.10 2 1
github.com/Eric033/x-mate/engine/handlers/rsa/rsa.go:61.10,63.4 1 0
github.com/Eric033/x-mate/engine/handlers/rsa/rsa.go:64.3,64.21 1 1
github.com/Eric033/x-mate/engine/handlers/rsa/rsa.go:68.2,69.16 2 1
github.com/Eric033/x-mate/engine/handlers/rsa/rsa.go:69.16,71.3 1 1
github.com/Eric033/x-mate/engine/handlers/rsa/rsa.go:73.2,74.16 2 1
github.com/Eric033/x-mate/engine/handlers/rsa/rsa.go:74.16,77.18 2 0
github.com/Eric033/x-mate/engine/handlers/rsa/rsa.go:77.18,79.4 1 0
github.com/Eric033/x-mate/engine/handlers/rsa/rsa.go:80.3,80.23 1 0
github.com/Eric033/x-mate/engine/handlers/rsa/rsa.go:83.2,84.9 2 1
github.com/Eric033/x-mate/engine/handlers/rsa/rsa.go:84.9,86.3 1 0
github.com/Eric033/x-mate/engine/handlers/rsa/rsa.go:87.2,87.20 1 1
github.com/Eric033/x-mate/engine/handlers/rsa/rsa.go:91.76,94.20 3 1
github.com/Eric033/x-mate/engine/handlers/rsa/rsa.go:94.20,96.3 1 0
github.com/Eric033/x-mate/engine/handlers/rsa/rsa.go:98.2,99.58 2 1
github.com/Eric033/x-mate/engine/handlers/rsa/rsa.go:99.58,101.22 2 1
github.com/Eric033/x-mate/engine/handlers/rsa/rsa.go:101.22,103.4 1 1
github.com/Eric033/x-mate/engine/handlers/rsa/rsa.go:104.3,107.17 3 1
github.com/Eric033/x-mate/engine/handlers/rsa/rsa.go:107.17,109.4 1 0
github.com/Eric033/x-mate/engine/handlers/rsa/rsa.go:110.3,110.40 1 1
github.com/Eric033/x-mate/engine/handlers/rsa/rsa.go:113.2,113.20 1 1
github.com/Eric033/x-mate/engine/handlers/runtime/runtime.go:20.110,23.39 2 1
github.com/Eric033/x-mate/engine/handlers/runtime/runtime.go:23.39,25.3 1 1
github.com/Eric033/x-mate/engine/handlers/runtime/runtime.go:26.2,26.38 1 1
github.com/Eric033/x-mate/engine/handlers/runtime/runtime.go:26.38,28.3 1 1
github.com/Eric033/x-mate/engine/handlers/runtime/runtime.go:30.2,30.16 1 1
github.com/Eric033/x-mate/engine/handlers/runtime/runtime.go:30.16,32.3 1 1
github.com/Eric033/x-mate/engine/handlers/runtime/runtime.go:35.2,35.77 1 1
github.com/Eric033/x-mate/engine/handlers/runtime/runtime.go:35.77,37.33 2 1
github.com/Eric033/x-mate/engine/handlers/runtime/runtime.go:37.33,39.4 1 1
github.com/Eric033/x-mate/engine/handlers/runtime/runtime.go:40.3,40.13 1 1
github.com/Eric033/x-mate/engine/handlers/runtime/runtime.go:44.2,47.31 2 1
github.com/Eric033/x-mate/engine/handlers/runtime/runtime.go:47.31,49.40 1 1
github.com/Eric033/x-mate/engine/handlers/runtime/runtime.go:49.40,51.45 1 1
github.com/Eric033/x-mate/engine/handlers/runtime/runtime.go:51.45,53.18 2 1
github.com/Eric033/x-mate/engine/handlers/runtime/runtime.go:53.18,55.6 1 1
github.com/Eric033/x-mate/engine/handlers/runtime/runtime.go:60.2,62.33 1 1
github.com/Eric033/x-mate/engine/handlers/runtime/runtime.go:62.33,63.15 1 1
github.com/Eric033/x-mate/engine/handlers/runtime/runtime.go:63.15,65.5 1 1
github.com/Eric033/x-mate/engine/handlers/runtime/runtime.go:66.4,66.13 1 1
github.com/Eric033/x-mate/engine/handlers/runtime/runtime.go:72.39,75.23 3 1
github.com/Eric033/x-mate/engine/handlers/runtime/runtime.go:75.23,78.3 1 1
github.com/Eric033/x-mate/engine/handlers/runtime/runtime.go:80.2,89.32 7 1
github.com/Eric033/x-mate/engine/handlers/runtime/runtime.go:89.32,90.13 1 1
github.com/Eric033/x-mate/engine/handlers/runtime/runtime.go:91.12,92.16 1 1
github.com/Eric033/x-mate/engine/handlers/runtime/runtime.go:93.12,94.16 1 1
github.com/Eric033/x-mate/engine/handlers/runtime/runtime.go:95.13,96.17 1 1
github.com/Eric033/x-mate/engine/handlers/runtime/runtime.go:97.13,98.17 1 1
github.com/Eric033/x-mate/engine/handlers/runtime/runtime.go:99.13,100.17 1 1
github.com/Eric033/x-mate/engine/handlers/runtime/runtime.go:101.13,102.17 1 1
github.com/Eric033/x-mate/engine/handlers/runtime/runtime.go:107.2,107.12 1 1
github.com/Eric033/x-mate/engine/handlers/runtime/runtime.go:108.12,109.23 1 1
github.com/Eric033/x-mate/engine/handlers/runtime/runtime.go:110.12,111.23 1 1
github.com/Eric033/x-mate/engine/handlers/runtime/runtime.go:114.2,114.14 1 0
github.com/Eric033/x-mate/engine/handlers/runtime/runtime.go:118.54,124.29 5 1
github.com/Eric033/x-mate/engine/handlers/runtime/runtime.go:124.29,126.17 2 1
github.com/Eric033/x-mate/engine/handlers/runtime/runtime.go:126.17,127.12 1 0
github.com/Eric033/x-mate/engine/handlers/runtime/runtime.go:129.3,131.14 3 1
github.com/Eric033/x-mate/engine/handlers/runtime/runtime.go:131.14,133.4 1 1
github.com/Eric033/x-mate/engine/handlers/runtime/runtime.go:134.3,136.35 3 1
github.com/Eric033/x-mate/engine/handlers/runtime/runtime.go:136.35,139.18 3 1
github.com/Eric033/x-mate/engine/handlers/runtime/runtime.go:139.18,141.5 1 0
github.com/Eric033/x-mate/engine/handlers/runtime/runtime.go:142.4,142.27 1 1
github.com/Eric033/x-mate/engine/handlers/runtime/runtime.go:143.9,145.18 2 1
github.com/Eric033/x-mate/engine/handlers/runtime/runtime.go:145.18,147.5 1 0
github.com/Eric033/x-mate/engine/handlers/runtime/runtime.go:147.10,149.5 1 1
github.com/Eric033/x-mate/engine/handlers/runtime/runtime.go:152.2,152.16 1 1
github.com/Eric033/x-mate/engine/cmd/engine/main.go:21.13,35.46 12 0
github.com/Eric033/x-mate/engine/cmd/engine/main.go:35.46,37.3 1 0
github.com/Eric033/x-mate/engine/cmd/engine/main.go:39.2,39.44 1 0
github.com/Eric033/x-mate/engine/cmd/engine/main.go:39.44,44.3 4 0
github.com/Eric033/x-mate/engine/cmd/engine/main.go:47.2,56.54 6 0
github.com/Eric033/x-mate/engine/cmd/engine/main.go:56.54,58.3 1 0
github.com/Eric033/x-mate/engine/cmd/engine/main.go:61.2,67.28 4 0
github.com/Eric033/x-mate/engine/cmd/engine/main.go:67.28,69.3 1 0
github.com/Eric033/x-mate/engine/cmd/engine/main.go:73.66,85.51 7 0
github.com/Eric033/x-mate/engine/cmd/engine/main.go:85.52,88.3 0 0
github.com/Eric033/x-mate/engine/cmd/engine/main.go:91.2,98.40 4 0
github.com/Eric033/x-mate/engine/handlers/sql/sql.go:22.103,25.43 2 1
github.com/Eric033/x-mate/engine/handlers/sql/sql.go:25.43,27.3 1 0
github.com/Eric033/x-mate/engine/handlers/sql/sql.go:29.2,29.19 1 1
github.com/Eric033/x-mate/engine/handlers/sql/sql.go:29.19,31.3 1 1
github.com/Eric033/x-mate/engine/handlers/sql/sql.go:34.2,41.16 4 0
github.com/Eric033/x-mate/engine/handlers/sql/sql.go:41.16,43.3 1 0
github.com/Eric033/x-mate/engine/handlers/sql/sql.go:46.2,51.32 4 0
github.com/Eric033/x-mate/engine/handlers/sql/sql.go:51.32,53.3 1 0
github.com/Eric033/x-mate/engine/handlers/sql/sql.go:53.8,53.34 1 0
github.com/Eric033/x-mate/engine/handlers/sql/sql.go:53.34,55.3 1 0
github.com/Eric033/x-mate/engine/handlers/sql/sql.go:58.2,65.3 2 0
github.com/Eric033/x-mate/engine/handlers/sql/sql.go:68.99,71.33 2 0
github.com/Eric033/x-mate/engine/handlers/sql/sql.go:71.33,73.3 1 0
github.com/Eric033/x-mate/engine/handlers/sql/sql.go:74.2,74.49 1 0
github.com/Eric033/x-mate/engine/handlers/sql/sql.go:77.105,79.28 2 0
github.com/Eric033/x-mate/engine/handlers/sql/sql.go:79.28,81.3 1 0
github.com/Eric033/x-mate/engine/handlers/sql/sql.go:82.2,82.63 1 0
github.com/Eric033/x-mate/engine/handlers/sql/sql.go:85.105,86.39 1 1
github.com/Eric033/x-mate/engine/handlers/sql/sql.go:86.39,88.3 1 1
github.com/Eric033/x-mate/engine/handlers/sql/sql.go:90.2,92.32 3 1
github.com/Eric033/x-mate/engine/handlers/sql/sql.go:92.32,94.18 2 1
github.com/Eric033/x-mate/engine/handlers/sql/sql.go:94.18,95.12 1 0
github.com/Eric033/x-mate/engine/handlers/sql/sql.go:98.3,99.16 2 1
github.com/Eric033/x-mate/engine/handlers/sql/sql.go:99.16,100.12 1 0
github.com/Eric033/x-mate/engine/handlers/sql/sql.go:102.3,107.21 4 1
github.com/Eric033/x-mate/engine/handlers/sql/sql.go:107.21,108.12 1 0
github.com/Eric033/x-mate/engine/handlers/sql/sql.go:110.3,116.47 5 1
github.com/Eric033/x-mate/engine/handlers/sql/sql.go:116.47,118.12 2 1
github.com/Eric033/x-mate/engine/handlers/sql/sql.go:121.3,122.10 2 1
github.com/Eric033/x-mate/engine/handlers/sql/sql.go:122.10,124.12 2 1
github.com/Eric033/x-mate/engine/handlers/sql/sql.go:127.3,127.28 1 1
github.com/Eric033/x-mate/engine/handlers/sql/sql.go:127.28,130.4 1 1
github.com/Eric033/x-mate/engine/handlers/sql/sql.go:133.2,133.23 1 1
github.com/Eric033/x-mate/engine/handlers/sql/sql.go:133.23,135.3 1 1
github.com/Eric033/x-mate/engine/handlers/sql/sql.go:136.2,136.17 1 1
github.com/Eric033/x-mate/engine/handlers/sql/sql.go:139.119,140.26 1 0
github.com/Eric033/x-mate/engine/handlers/sql/sql.go:140.26,142.22 1 0
github.com/Eric033/x-mate/engine/handlers/sql/sql.go:142.22,144.55 1 0
github.com/Eric033/x-mate/engine/handlers/sql/sql.go:144.55,146.5 1 0
github.com/Eric033/x-mate/engine/handlers/sql/sql.go:147.4,147.12 1 0
github.com/Eric033/x-mate/engine/handlers/sql/sql.go:150.3,151.60 2 0
github.com/Eric033/x-mate/engine/handlers/sql/sql.go:151.60,153.4 1 0
github.com/Eric033/x-mate/engine/handlers/sql/sql.go:163.103,166.43 2 1
github.com/Eric033/x-mate/engine/handlers/sql/sql.go:166.43,168.3 1 0
github.com/Eric033/x-mate/engine/handlers/sql/sql.go:170.2,170.19 1 1
github.com/Eric033/x-mate/engine/handlers/sql/sql.go:170.19,172.3 1 1
github.com/Eric033/x-mate/engine/handlers/sql/sql.go:175.2,180.16 4 0
github.com/Eric033/x-mate/engine/handlers/sql/sql.go:180.16,182.3 1 0
github.com/Eric033/x-mate/engine/handlers/sql/sql.go:184.2,190.38 5 0
github.com/Eric033/x-mate/engine/handlers/sql/sql.go:190.38,191.45 1 0
github.com/Eric033/x-mate/engine/handlers/sql/sql.go:191.45,192.12 1 0
github.com/Eric033/x-mate/engine/handlers/sql/sql.go:194.3,194.42 1 0
github.com/Eric033/x-mate/engine/handlers/sql/sql.go:194.42,197.4 2 0
github.com/Eric033/x-mate/engine/handlers/sql/sql.go:201.2,201.31 1 0
github.com/Eric033/x-mate/engine/handlers/sql/sql.go:201.31,203.3 1 0
github.com/Eric033/x-mate/engine/handlers/sql/sql.go:205.2,210.3 1 0
github.com/Eric033/x-mate/engine/handlers/sql/sql.go:214.67,215.76 1 1
github.com/Eric033/x-mate/engine/handlers/sql/sql.go:215.76,217.33 2 1
github.com/Eric033/x-mate/engine/handlers/sql/sql.go:217.33,219.4 1 1
github.com/Eric033/x-mate/engine/handlers/sql/sql.go:220.3,220.15 1 1
github.com/Eric033/x-mate/engine/handlers/sql/sql.go:225.60,227.20 2 1
github.com/Eric033/x-mate/engine/handlers/sql/sql.go:227.20,229.3 1 1
github.com/Eric033/x-mate/engine/handlers/sql/sql.go:230.2,233.8 4 1
github.com/Eric033/x-mate/engine/internal/config/config.go:24.24,30.2 1 1
github.com/Eric033/x-mate/engine/internal/config/config.go:34.52,37.26 3 1
github.com/Eric033/x-mate/engine/internal/config/config.go:37.26,39.19 2 1
github.com/Eric033/x-mate/engine/internal/config/config.go:39.19,41.12 2 1
github.com/Eric033/x-mate/engine/internal/config/config.go:43.3,46.5 1 1
github.com/Eric033/x-mate/engine/internal/config/config.go:48.2,48.16 1 1
github.com/Eric033/x-mate/engine/internal/config/config.go:53.57,55.21 2 1
github.com/Eric033/x-mate/engine/internal/config/config.go:55.21,58.3 2 1
github.com/Eric033/x-mate/engine/internal/config/config.go:58.8,58.28 1 1
github.com/Eric033/x-mate/engine/internal/config/config.go:58.28,61.3 2 1
github.com/Eric033/x-mate/engine/internal/config/config.go:62.2,62.8 1 1
github.com/Eric033/x-mate/engine/internal/config/config.go:67.49,69.37 2 1
github.com/Eric033/x-mate/engine/internal/config/config.go:69.37,71.3 1 1
github.com/Eric033/x-mate/engine/internal/config/config.go:74.2,75.27 2 1
github.com/Eric033/x-mate/engine/internal/config/config.go:75.27,82.22 3 1
github.com/Eric033/x-mate/engine/internal/config/config.go:82.22,84.4 1 1
github.com/Eric033/x-mate/engine/internal/config/config.go:85.3,85.22 1 1
github.com/Eric033/x-mate/engine/internal/config/config.go:85.22,87.4 1 1
github.com/Eric033/x-mate/engine/internal/config/config.go:88.3,88.22 1 1
github.com/Eric033/x-mate/engine/internal/config/config.go:88.22,90.4 1 1
github.com/Eric033/x-mate/engine/internal/config/config.go:91.3,91.22 1 1
github.com/Eric033/x-mate/engine/internal/config/config.go:91.22,93.4 1 1
github.com/Eric033/x-mate/engine/internal/config/config.go:94.3,94.22 1 1
github.com/Eric033/x-mate/engine/internal/config/config.go:94.22,96.4 1 1
github.com/Eric033/x-mate/engine/internal/config/config.go:97.3,97.24 1 1
github.com/Eric033/x-mate/engine/internal/config/config.go:99.2,99.12 1 1
github.com/Eric033/x-mate/engine/internal/config/config.go:103.56,113.32 8 1
github.com/Eric033/x-mate/engine/internal/config/config.go:113.32,116.3 2 1
github.com/Eric033/x-mate/engine/internal/config/config.go:119.2,125.24 5 1
github.com/Eric033/x-mate/engine/internal/config/config.go:125.24,130.3 4 1
github.com/Eric033/x-mate/engine/internal/config/config.go:133.2,134.33 2 1
github.com/Eric033/x-mate/engine/internal/config/config.go:134.33,138.3 3 1
github.com/Eric033/x-mate/engine/internal/config/config.go:141.2,149.26 8 1
github.com/Eric033/x-mate/engine/internal/config/config.go:149.26,157.3 7 1
github.com/Eric033/x-mate/engine/internal/config/config.go:157.8,164.3 6 1
github.com/Eric033/x-mate/engine/handlers/tcp/base.go:26.117,29.16 2 1
github.com/Eric033/x-mate/engine/handlers/tcp/base.go:29.16,31.3 1 1
github.com/Eric033/x-mate/engine/handlers/tcp/base.go:34.2,36.16 3 1
github.com/Eric033/x-mate/engine/handlers/tcp/base.go:36.16,38.3 1 0
github.com/Eric033/x-mate/engine/handlers/tcp/base.go:40.2,45.15 3 1
github.com/Eric033/x-mate/engine/handlers/tcp/base.go:45.15,47.3 1 1
github.com/Eric033/x-mate/engine/handlers/tcp/base.go:49.2,49.24 1 1
github.com/Eric033/x-mate/engine/handlers/tcp/base.go:49.24,52.3 2 1
github.com/Eric033/x-mate/engine/handlers/tcp/base.go:55.2,64.16 7 1
github.com/Eric033/x-mate/engine/handlers/tcp/base.go:64.16,66.3 1 1
github.com/Eric033/x-mate/engine/handlers/tcp/base.go:68.2,71.62 2 1
github.com/Eric033/x-mate/engine/handlers/tcp/base.go:71.62,73.3 1 1
github.com/Eric033/x-mate/engine/handlers/tcp/base.go:76.2,76.37 1 1
github.com/Eric033/x-mate/engine/handlers/tcp/base.go:76.37,78.3 1 1
github.com/Eric033/x-mate/engine/handlers/tcp/base.go:80.2,80.31 1 1
github.com/Eric033/x-mate/engine/handlers/tcp/base.go:84.77,85.23 1 1
github.com/Eric033/x-mate/engine/handlers/tcp/base.go:85.23,87.3 1 1
github.com/Eric033/x-mate/engine/handlers/tcp/base.go:89.2,90.28 2 1
github.com/Eric033/x-mate/engine/handlers/tcp/base.go:90.28,92.17 2 1
github.com/Eric033/x-mate/engine/handlers/tcp/base.go:92.17,94.12 2 0
github.com/Eric033/x-mate/engine/handlers/tcp/base.go:96.3,97.25 2 1
github.com/Eric033/x-mate/engine/handlers/tcp/base.go:97.25,100.4 1 1
github.com/Eric033/x-mate/engine/handlers/tcp/base.go:103.2,103.23 1 1
github.com/Eric033/x-mate/engine/handlers/tcp/base.go:103.23,105.3 1 1
github.com/Eric033/x-mate/engine/handlers/tcp/base.go:106.2,106.17 1 1
github.com/Eric033/x-mate/engine/handlers/tcp/base.go:110.98,112.26 2 1
github.com/Eric033/x-mate/engine/handlers/tcp/base.go:112.26,114.30 2 1
github.com/Eric033/x-mate/engine/handlers/tcp/base.go:114.30,115.12 1 0
github.com/Eric033/x-mate/engine/handlers/tcp/base.go:117.3,118.23 2 1
github.com/Eric033/x-mate/engine/handlers/tcp/base.go:123.46,124.20 1 1
github.com/Eric033/x-mate/engine/handlers/tcp/base.go:124.20,126.3 1 0
github.com/Eric033/x-mate/engine/handlers/tcp/helper.go:8.54,10.2 1 1
github.com/Eric033/x-mate/engine/handlers/tcp/types.go:13.104,18.16 4 1
github.com/Eric033/x-mate/engine/handlers/tcp/types.go:18.16,20.3 1 1
github.com/Eric033/x-mate/engine/handlers/tcp/types.go:23.2,31.3 3 1
github.com/Eric033/x-mate/engine/handlers/tcp/types.go:39.106,44.16 4 1
github.com/Eric033/x-mate/engine/handlers/tcp/types.go:44.16,46.3 1 0
github.com/Eric033/x-mate/engine/handlers/tcp/types.go:48.2,56.3 3 1
github.com/Eric033/x-mate/engine/handlers/tcp/types.go:64.103,69.16 4 1
github.com/Eric033/x-mate/engine/handlers/tcp/types.go:69.16,71.3 1 0
github.com/Eric033/x-mate/engine/handlers/tcp/types.go:73.2,81.3 3 1
github.com/Eric033/x-mate/engine/handlers/tcp/types.go:89.100,94.16 4 1
github.com/Eric033/x-mate/engine/handlers/tcp/types.go:94.16,96.3 1 0
github.com/Eric033/x-mate/engine/handlers/tcp/types.go:98.2,101.31 3 1
github.com/Eric033/x-mate/engine/handlers/tcp/types.go:101.31,103.30 2 1
github.com/Eric033/x-mate/engine/handlers/tcp/types.go:103.30,104.12 1 0
github.com/Eric033/x-mate/engine/handlers/tcp/types.go:106.3,106.23 1 1
github.com/Eric033/x-mate/engine/handlers/tcp/types.go:109.2,114.3 1 1
github.com/Eric033/x-mate/engine/handlers/tcp/types.go:118.66,121.2 1 1
github.com/Eric033/x-mate/engine/internal/context/context.go:43.25,47.2 1 1
github.com/Eric033/x-mate/engine/internal/context/context.go:50.54,55.2 4 1
github.com/Eric033/x-mate/engine/internal/context/context.go:58.46,62.2 3 1
github.com/Eric033/x-mate/engine/internal/context/context.go:65.60,66.29 1 1
github.com/Eric033/x-mate/engine/internal/context/context.go:66.29,68.3 1 1
github.com/Eric033/x-mate/engine/internal/context/context.go:69.2,69.12 1 1
github.com/Eric033/x-mate/engine/internal/context/context.go:73.42,77.2 3 1
github.com/Eric033/x-mate/engine/internal/context/context.go:80.42,83.29 3 1
github.com/Eric033/x-mate/engine/internal/context/context.go:83.29,85.39 1 1
github.com/Eric033/x-mate/engine/internal/context/context.go:85.39,87.4 1 1
github.com/Eric033/x-mate/engine/internal/context/context.go:90.2,93.39 4 1
github.com/Eric033/x-mate/engine/internal/context/context.go:97.59,111.21 8 1
github.com/Eric033/x-mate/engine/internal/context/context.go:111.21,113.3 1 1
github.com/Eric033/x-mate/engine/internal/context/context.go:114.2,118.24 3 1
github.com/Eric033/x-mate/engine/internal/context/context.go:118.24,120.3 1 1
github.com/Eric033/x-mate/engine/internal/context/context.go:123.2,126.54 2 1
github.com/Eric033/x-mate/engine/internal/context/context.go:126.54,129.3 2 1
github.com/Eric033/x-mate/engine/internal/context/context.go:133.44,135.2 1 1
github.com/Eric033/x-mate/engine/internal/handler/handler.go:71.30,73.2 1 1
github.com/Eric033/x-mate/engine/internal/handler/handler.go:76.57,78.2 1 1
github.com/Eric033/x-mate/engine/internal/handler/handler.go:81.49,83.2 1 1
github.com/Eric033/x-mate/engine/internal/handler/parser.go:10.50,92.61 12 1
github.com/Eric033/x-mate/engine/internal/handler/parser.go:92.61,94.3 1 1
github.com/Eric033/x-mate/engine/internal/handler/parser.go:96.2,104.35 3 1
github.com/Eric033/x-mate/engine/internal/handler/parser.go:104.35,105.68 1 1
github.com/Eric033/x-mate/engine/internal/handler/parser.go:105.68,107.4 1 1
github.com/Eric033/x-mate/engine/internal/handler/parser.go:110.2,113.29 2 1
github.com/Eric033/x-mate/engine/internal/handler/parser.go:113.29,114.61 1 1
github.com/Eric033/x-mate/engine/internal/handler/parser.go:114.61,116.4 1 1
github.com/Eric033/x-mate/engine/internal/handler/parser.go:120.2,120.28 1 1
github.com/Eric033/x-mate/engine/internal/handler/parser.go:120.28,122.3 1 1
github.com/Eric033/x-mate/engine/internal/handler/parser.go:123.2,123.35 1 1
github.com/Eric033/x-mate/engine/internal/handler/parser.go:123.35,125.3 1 1
github.com/Eric033/x-mate/engine/internal/handler/parser.go:126.2,126.32 1 1
github.com/Eric033/x-mate/engine/internal/handler/parser.go:126.32,128.3 1 1
github.com/Eric033/x-mate/engine/internal/handler/parser.go:129.2,129.26 1 1
github.com/Eric033/x-mate/engine/internal/handler/parser.go:129.26,131.3 1 0
github.com/Eric033/x-mate/engine/internal/handler/parser.go:132.2,132.28 1 1
github.com/Eric033/x-mate/engine/internal/handler/parser.go:132.28,134.3 1 0
github.com/Eric033/x-mate/engine/internal/handler/parser.go:135.2,135.27 1 1
github.com/Eric033/x-mate/engine/internal/handler/parser.go:135.27,137.3 1 1
github.com/Eric033/x-mate/engine/internal/handler/parser.go:138.2,138.30 1 1
github.com/Eric033/x-mate/engine/internal/handler/parser.go:138.30,140.3 1 1
github.com/Eric033/x-mate/engine/internal/handler/parser.go:141.2,141.27 1 1
github.com/Eric033/x-mate/engine/internal/handler/parser.go:141.27,143.3 1 0
github.com/Eric033/x-mate/engine/internal/handler/parser.go:144.2,144.29 1 1
github.com/Eric033/x-mate/engine/internal/handler/parser.go:144.29,146.3 1 0
github.com/Eric033/x-mate/engine/internal/handler/parser.go:148.2,148.50 1 1
github.com/Eric033/x-mate/engine/internal/handler/parser.go:148.50,150.3 1 1
github.com/Eric033/x-mate/engine/internal/handler/parser.go:153.2,153.32 1 1
github.com/Eric033/x-mate/engine/internal/handler/parser.go:153.32,158.3 1 1
github.com/Eric033/x-mate/engine/internal/handler/parser.go:161.2,161.33 1 1
github.com/Eric033/x-mate/engine/internal/handler/parser.go:161.33,166.3 1 1
github.com/Eric033/x-mate/engine/internal/handler/parser.go:169.2,169.24 1 1
github.com/Eric033/x-mate/engine/internal/handler/parser.go:169.24,170.41 1 1
github.com/Eric033/x-mate/engine/internal/handler/parser.go:170.41,177.4 1 1
github.com/Eric033/x-mate/engine/internal/handler/parser.go:178.3,178.40 1 1
github.com/Eric033/x-mate/engine/internal/handler/parser.go:178.40,180.4 1 1
github.com/Eric033/x-mate/engine/internal/handler/parser.go:184.2,184.22 1 1
github.com/Eric033/x-mate/engine/internal/handler/parser.go:184.22,185.36 1 1
github.com/Eric033/x-mate/engine/internal/handler/parser.go:185.36,187.21 2 1
github.com/Eric033/x-mate/engine/internal/handler/parser.go:187.21,189.5 1 1
github.com/Eric033/x-mate/engine/internal/handler/parser.go:190.4,193.6 1 1
github.com/Eric033/x-mate/engine/internal/handler/parser.go:198.2,198.22 1 1
github.com/Eric033/x-mate/engine/internal/handler/parser.go:198.22,200.3 1 1
github.com/Eric033/x-mate/engine/internal/handler/parser.go:201.2,201.33 1 1
github.com/Eric033/x-mate/engine/internal/handler/parser.go:201.33,206.3 1 1
github.com/Eric033/x-mate/engine/internal/handler/parser.go:207.2,207.37 1 1
github.com/Eric033/x-mate/engine/internal/handler/parser.go:207.37,212.3 1 1
github.com/Eric033/x-mate/engine/internal/handler/parser.go:214.2,214.18 1 1
github.com/Eric033/x-mate/engine/internal/handler/parser.go:218.41,220.27 2 1
github.com/Eric033/x-mate/engine/internal/handler/parser.go:220.27,222.3 1 1
github.com/Eric033/x-mate/engine/internal/handler/parser.go:223.2,223.33 1 1
github.com/Eric033/x-mate/engine/internal/handler/parser.go:227.43,229.28 2 1
github.com/Eric033/x-mate/engine/internal/handler/parser.go:229.28,231.3 1 1
github.com/Eric033/x-mate/engine/internal/handler/parser.go:232.2,232.33 1 1
github.com/Eric033/x-mate/engine/internal/report/report.go:13.49,29.31 13 1
github.com/Eric033/x-mate/engine/internal/report/report.go:29.31,32.30 3 1
github.com/Eric033/x-mate/engine/internal/report/report.go:32.30,34.14 2 1
github.com/Eric033/x-mate/engine/internal/report/report.go:34.14,36.5 1 1
github.com/Eric033/x-mate/engine/internal/report/report.go:36.10,38.5 1 1
github.com/Eric033/x-mate/engine/internal/report/report.go:40.3,40.14 1 1
github.com/Eric033/x-mate/engine/internal/report/report.go:40.14,42.4 1 1
github.com/Eric033/x-mate/engine/internal/report/report.go:44.3,45.14 2 1
github.com/Eric033/x-mate/engine/internal/report/report.go:45.14,46.31 1 1
github.com/Eric033/x-mate/engine/internal/report/report.go:46.31,47.16 1 1
github.com/Eric033/x-mate/engine/internal/report/report.go:47.16,49.6 1 1
github.com/Eric033/x-mate/engine/internal/report/report.go:54.2,55.20 2 1
github.com/Eric033/x-mate/engine/internal/report/report.go:55.20,58.3 1 1
github.com/Eric033/x-mate/engine/internal/report/report.go:59.2,59.62 1 1
github.com/Eric033/x-mate/engine/internal/report/report.go:63.43,66.2 1 1
github.com/Eric033/x-mate/engine/internal/report/report.go:69.46,80.31 7 1
github.com/Eric033/x-mate/engine/internal/report/report.go:80.31,82.30 2 1
github.com/Eric033/x-mate/engine/internal/report/report.go:82.30,83.15 1 1
github.com/Eric033/x-mate/engine/internal/report/report.go:83.15,85.5 1 1
github.com/Eric033/x-mate/engine/internal/report/report.go:87.3,88.15 2 1
github.com/Eric033/x-mate/engine/internal/report/report.go:88.15,90.4 1 1
github.com/Eric033/x-mate/engine/internal/report/report.go:91.3,91.86 1 1
github.com/Eric033/x-mate/engine/internal/report/report.go:94.2,94.20 1 1
github.com/Eric033/x-mate/engine/internal/runner/runner.go:49.52,52.54 1 1
github.com/Eric033/x-mate/engine/internal/runner/runner.go:52.55,52.56 0 1
github.com/Eric033/x-mate/engine/internal/runner/runner.go:57.56,59.15 2 1
github.com/Eric033/x-mate/engine/internal/runner/runner.go:59.15,61.3 1 1
github.com/Eric033/x-mate/engine/internal/runner/runner.go:64.2,66.16 3 1
github.com/Eric033/x-mate/engine/internal/runner/runner.go:66.16,69.3 2 1
github.com/Eric033/x-mate/engine/internal/runner/runner.go:71.2,72.28 2 1
github.com/Eric033/x-mate/engine/internal/runner/runner.go:72.28,73.16 1 1
github.com/Eric033/x-mate/engine/internal/runner/runner.go:73.16,75.4 1 1
github.com/Eric033/x-mate/engine/internal/runner/runner.go:77.2,79.35 2 1
github.com/Eric033/x-mate/engine/internal/runner/runner.go:79.35,81.17 1 1
github.com/Eric033/x-mate/engine/internal/runner/runner.go:81.17,83.12 2 1
github.com/Eric033/x-mate/engine/internal/runner/runner.go:86.3,90.38 5 1
github.com/Eric033/x-mate/engine/internal/runner/runner.go:90.38,91.15 1 1
github.com/Eric033/x-mate/engine/internal/runner/runner.go:91.15,93.10 2 1
github.com/Eric033/x-mate/engine/internal/runner/runner.go:96.3,96.14 1 1
github.com/Eric033/x-mate/engine/internal/runner/runner.go:96.14,98.4 1 1
github.com/Eric033/x-mate/engine/internal/runner/runner.go:98.9,100.4 1 1
github.com/Eric033/x-mate/engine/internal/runner/runner.go:103.2,103.15 1 1
github.com/Eric033/x-mate/engine/internal/runner/runner.go:107.71,110.16 3 1
github.com/Eric033/x-mate/engine/internal/runner/runner.go:110.16,113.3 2 1
github.com/Eric033/x-mate/engine/internal/runner/runner.go:114.2,114.59 1 1
github.com/Eric033/x-mate/engine/internal/runner/runner.go:137.79,143.16 5 1
github.com/Eric033/x-mate/engine/internal/runner/runner.go:143.16,147.3 3 0
github.com/Eric033/x-mate/engine/internal/runner/runner.go:149.2,150.49 2 1
github.com/Eric033/x-mate/engine/internal/runner/runner.go:150.49,154.3 3 1
github.com/Eric033/x-mate/engine/internal/runner/runner.go:157.2,158.17 2 1
github.com/Eric033/x-mate/engine/internal/runner/runner.go:158.17,160.3 1 1
github.com/Eric033/x-mate/engine/internal/runner/runner.go:161.2,161.17 1 1
github.com/Eric033/x-mate/engine/internal/runner/runner.go:161.17,163.3 1 0
github.com/Eric033/x-mate/engine/internal/runner/runner.go:166.2,166.21 1 1
github.com/Eric033/x-mate/engine/internal/runner/runner.go:166.22,169.3 0 0
github.com/Eric033/x-mate/engine/internal/runner/runner.go:171.2,175.21 3 1
github.com/Eric033/x-mate/engine/internal/runner/runner.go:175.21,176.36 1 1
github.com/Eric033/x-mate/engine/internal/runner/runner.go:176.36,179.4 2 1
github.com/Eric033/x-mate/engine/internal/runner/runner.go:182.2,182.22 1 1
github.com/Eric033/x-mate/engine/internal/runner/runner.go:182.22,183.37 1 1
github.com/Eric033/x-mate/engine/internal/runner/runner.go:183.37,186.4 2 1
github.com/Eric033/x-mate/engine/internal/runner/runner.go:189.2,189.24 1 1
github.com/Eric033/x-mate/engine/internal/runner/runner.go:189.24,190.39 1 1
github.com/Eric033/x-mate/engine/internal/runner/runner.go:190.39,193.4 2 1
github.com/Eric033/x-mate/engine/internal/runner/runner.go:197.2,201.15 4 1
github.com/Eric033/x-mate/engine/internal/runner/runner.go:205.88,213.16 3 1
github.com/Eric033/x-mate/engine/internal/runner/runner.go:213.16,217.3 3 0
github.com/Eric033/x-mate/engine/internal/runner/runner.go:219.2,227.14 5 1
github.com/Eric033/x-mate/engine/internal/runner/runner.go:227.14,231.3 3 1
github.com/Eric033/x-mate/engine/internal/runner/runner.go:234.2,238.45 4 1
github.com/Eric033/x-mate/engine/internal/runner/runner.go:238.45,240.3 1 1
github.com/Eric033/x-mate/engine/internal/runner/runner.go:241.2,241.46 1 1
github.com/Eric033/x-mate/engine/internal/runner/runner.go:241.46,243.3 1 1
github.com/Eric033/x-mate/engine/internal/runner/runner.go:245.2,245.20 1 1
github.com/Eric033/x-mate/engine/internal/runner/runner.go:245.20,247.3 1 1
github.com/Eric033/x-mate/engine/internal/runner/runner.go:247.8,249.3 1 1
github.com/Eric033/x-mate/engine/internal/runner/runner.go:251.2,251.15 1 1
github.com/Eric033/x-mate/engine/internal/runner/runner.go:255.35,257.18 2 1
github.com/Eric033/x-mate/engine/internal/runner/runner.go:257.18,259.3 1 1
github.com/Eric033/x-mate/engine/internal/runner/runner.go:260.2,260.10 1 1
github.com/Eric033/x-mate/engine/internal/vars/vars.go:18.63,19.76 1 1
github.com/Eric033/x-mate/engine/internal/vars/vars.go:19.76,22.33 2 1
github.com/Eric033/x-mate/engine/internal/vars/vars.go:22.33,24.4 1 1
github.com/Eric033/x-mate/engine/internal/vars/vars.go:25.3,25.15 1 1
github.com/Eric033/x-mate/engine/internal/vars/vars.go:30.68,31.76 1 1
github.com/Eric033/x-mate/engine/internal/vars/vars.go:31.76,34.33 2 1
github.com/Eric033/x-mate/engine/internal/vars/vars.go:34.33,36.4 1 1
github.com/Eric033/x-mate/engine/internal/vars/vars.go:37.3,37.15 1 1
github.com/Eric033/x-mate/engine/internal/vars/vars.go:42.63,46.2 3 1
github.com/Eric033/x-mate/engine/internal/template/template.go:15.62,18.16 3 1
github.com/Eric033/x-mate/engine/internal/template/template.go:18.16,20.3 1 1
github.com/Eric033/x-mate/engine/internal/template/template.go:21.2,21.26 1 1
github.com/Eric033/x-mate/engine/internal/template/template.go:27.87,29.17 2 1
github.com/Eric033/x-mate/engine/internal/template/template.go:29.17,31.3 1 1
github.com/Eric033/x-mate/engine/internal/template/template.go:33.2,34.32 2 1
github.com/Eric033/x-mate/engine/internal/template/template.go:34.32,36.19 2 1
github.com/Eric033/x-mate/engine/internal/template/template.go:36.19,37.12 1 1
github.com/Eric033/x-mate/engine/internal/template/template.go:39.3,46.41 4 1
github.com/Eric033/x-mate/engine/internal/template/template.go:46.41,48.4 1 1
github.com/Eric033/x-mate/engine/internal/template/template.go:50.3,52.17 3 1
github.com/Eric033/x-mate/engine/internal/template/template.go:52.17,54.12 1 0
github.com/Eric033/x-mate/engine/internal/template/template.go:57.2,57.20 1 1
github.com/Eric033/x-mate/engine/internal/xmlhelper/xmlhelper.go:14.59,16.79 1 1
github.com/Eric033/x-mate/engine/internal/xmlhelper/xmlhelper.go:16.79,18.3 1 1
github.com/Eric033/x-mate/engine/internal/xmlhelper/xmlhelper.go:20.2,21.16 2 1
github.com/Eric033/x-mate/engine/internal/xmlhelper/xmlhelper.go:21.16,23.3 1 0
github.com/Eric033/x-mate/engine/internal/xmlhelper/xmlhelper.go:27.2,28.20 2 1
github.com/Eric033/x-mate/engine/internal/xmlhelper/xmlhelper.go:28.20,30.3 1 0
github.com/Eric033/x-mate/engine/internal/xmlhelper/xmlhelper.go:33.2,34.12 2 1
github.com/Eric033/x-mate/engine/internal/xmlhelper/xmlhelper.go:34.12,36.3 1 1
github.com/Eric033/x-mate/engine/internal/xmlhelper/xmlhelper.go:38.2,39.47 2 1
github.com/Eric033/x-mate/engine/internal/xmlhelper/xmlhelper.go:39.47,41.3 1 0
github.com/Eric033/x-mate/engine/internal/xmlhelper/xmlhelper.go:43.2,43.26 1 1
github.com/Eric033/x-mate/engine/internal/xmlhelper/xmlhelper.go:47.52,48.79 1 1
github.com/Eric033/x-mate/engine/internal/xmlhelper/xmlhelper.go:48.79,50.3 1 1
github.com/Eric033/x-mate/engine/internal/xmlhelper/xmlhelper.go:52.2,53.16 2 1
github.com/Eric033/x-mate/engine/internal/xmlhelper/xmlhelper.go:53.16,55.3 1 0
github.com/Eric033/x-mate/engine/internal/xmlhelper/xmlhelper.go:57.2,58.20 2 1
github.com/Eric033/x-mate/engine/internal/xmlhelper/xmlhelper.go:58.20,60.3 1 0
github.com/Eric033/x-mate/engine/internal/xmlhelper/xmlhelper.go:62.2,62.36 1 1
github.com/Eric033/x-mate/engine/internal/xmlhelper/xmlhelper.go:71.44,76.26 4 1
github.com/Eric033/x-mate/engine/internal/xmlhelper/xmlhelper.go:76.26,78.14 2 1
github.com/Eric033/x-mate/engine/internal/xmlhelper/xmlhelper.go:78.14,79.12 1 1
github.com/Eric033/x-mate/engine/internal/xmlhelper/xmlhelper.go:82.3,82.49 1 1
github.com/Eric033/x-mate/engine/internal/xmlhelper/xmlhelper.go:82.49,84.4 1 1
github.com/Eric033/x-mate/engine/internal/xmlhelper/xmlhelper.go:85.3,85.25 1 1
github.com/Eric033/x-mate/engine/internal/xmlhelper/xmlhelper.go:87.2,87.13 1 1
github.com/Eric033/x-mate/engine/internal/xmlhelper/xmlhelper.go:91.66,92.20 1 1
github.com/Eric033/x-mate/engine/internal/xmlhelper/xmlhelper.go:92.20,94.3 1 0
github.com/Eric033/x-mate/engine/internal/xmlhelper/xmlhelper.go:96.2,96.53 1 1
github.com/Eric033/x-mate/engine/internal/xmlhelper/xmlhelper.go:96.53,97.21 1 1
github.com/Eric033/x-mate/engine/internal/xmlhelper/xmlhelper.go:97.21,101.4 2 1
github.com/Eric033/x-mate/engine/internal/xmlhelper/xmlhelper.go:103.3,103.54 1 1
github.com/Eric033/x-mate/engine/internal/xmlhelper/xmlhelper.go:103.54,104.39 1 1
github.com/Eric033/x-mate/engine/internal/xmlhelper/xmlhelper.go:104.39,106.5 1 1
github.com/Eric033/x-mate/engine/internal/xmlhelper/xmlhelper.go:111.2,111.53 1 1
github.com/Eric033/x-mate/engine/internal/xmlhelper/xmlhelper.go:111.53,112.13 1 1
github.com/Eric033/x-mate/engine/internal/xmlhelper/xmlhelper.go:112.13,113.12 1 0
github.com/Eric033/x-mate/engine/internal/xmlhelper/xmlhelper.go:115.3,115.34 1 1
github.com/Eric033/x-mate/engine/internal/xmlhelper/xmlhelper.go:115.34,117.4 1 1
github.com/Eric033/x-mate/engine/internal/xmlhelper/xmlhelper.go:119.2,119.14 1 1
github.com/Eric033/x-mate/engine/internal/xmlhelper/xmlhelper.go:123.54,124.20 1 1
github.com/Eric033/x-mate/engine/internal/xmlhelper/xmlhelper.go:124.20,126.3 1 0
github.com/Eric033/x-mate/engine/internal/xmlhelper/xmlhelper.go:128.2,128.53 1 1
github.com/Eric033/x-mate/engine/internal/xmlhelper/xmlhelper.go:128.53,129.21 1 1
github.com/Eric033/x-mate/engine/internal/xmlhelper/xmlhelper.go:129.21,131.4 1 1
github.com/Eric033/x-mate/engine/internal/xmlhelper/xmlhelper.go:132.3,132.54 1 1
github.com/Eric033/x-mate/engine/internal/xmlhelper/xmlhelper.go:132.54,133.56 1 1
github.com/Eric033/x-mate/engine/internal/xmlhelper/xmlhelper.go:133.56,135.5 1 1
github.com/Eric033/x-mate/engine/internal/xmlhelper/xmlhelper.go:139.2,139.53 1 1
github.com/Eric033/x-mate/engine/internal/xmlhelper/xmlhelper.go:139.53,140.13 1 1
github.com/Eric033/x-mate/engine/internal/xmlhelper/xmlhelper.go:140.13,141.12 1 0
github.com/Eric033/x-mate/engine/internal/xmlhelper/xmlhelper.go:143.3,143.51 1 1
github.com/Eric033/x-mate/engine/internal/xmlhelper/xmlhelper.go:143.51,145.4 1 1
github.com/Eric033/x-mate/engine/internal/xmlhelper/xmlhelper.go:147.2,147.11 1 1
github.com/Eric033/x-mate/engine/internal/xmlhelper/xmlhelper.go:151.49,153.35 1 1
github.com/Eric033/x-mate/engine/internal/xmlhelper/xmlhelper.go:153.35,157.3 3 1
github.com/Eric033/x-mate/engine/internal/xmlhelper/xmlhelper.go:159.2,163.25 2 1
github.com/Eric033/x-mate/engine/internal/xmlhelper/xmlhelper.go:167.42,170.31 3 1
github.com/Eric033/x-mate/engine/internal/xmlhelper/xmlhelper.go:170.31,171.33 1 1
github.com/Eric033/x-mate/engine/internal/xmlhelper/xmlhelper.go:171.33,173.4 1 1
github.com/Eric033/x-mate/engine/internal/xmlhelper/xmlhelper.go:174.3,174.57 1 1
github.com/Eric033/x-mate/engine/internal/xmlhelper/xmlhelper.go:174.57,176.4 1 1
github.com/Eric033/x-mate/engine/internal/xmlhelper/xmlhelper.go:178.2,179.40 2 1
github.com/Eric033/x-mate/engine/internal/sampler/db.go:17.40,19.2 1 1
github.com/Eric033/x-mate/engine/internal/sampler/db.go:23.71,24.30 1 0
github.com/Eric033/x-mate/engine/internal/sampler/db.go:24.30,27.17 3 0
github.com/Eric033/x-mate/engine/internal/sampler/db.go:27.17,29.4 1 0
github.com/Eric033/x-mate/engine/internal/sampler/db.go:30.3,34.20 5 0
github.com/Eric033/x-mate/engine/internal/sampler/db.go:36.2,36.12 1 0
github.com/Eric033/x-mate/engine/internal/sampler/db.go:40.63,44.9 4 1
github.com/Eric033/x-mate/engine/internal/sampler/db.go:44.9,46.3 1 1
github.com/Eric033/x-mate/engine/internal/sampler/db.go:47.2,47.16 1 0
github.com/Eric033/x-mate/engine/internal/sampler/db.go:51.33,52.29 1 1
github.com/Eric033/x-mate/engine/internal/sampler/db.go:52.29,54.3 1 0
github.com/Eric033/x-mate/engine/internal/sampler/db.go:68.51,69.16 1 1
github.com/Eric033/x-mate/engine/internal/sampler/db.go:70.16,71.98 1 1
github.com/Eric033/x-mate/engine/internal/sampler/db.go:72.15,73.94 1 1
github.com/Eric033/x-mate/engine/internal/sampler/db.go:74.18,76.53 1 0
github.com/Eric033/x-mate/engine/internal/sampler/db.go:77.10,78.89 1 1
github.com/Eric033/x-mate/engine/internal/sampler/db.go:89.106,91.16 2 0
github.com/Eric033/x-mate/engine/internal/sampler/db.go:91.16,93.3 1 0
github.com/Eric033/x-mate/engine/internal/sampler/db.go:95.2,96.16 2 0
github.com/Eric033/x-mate/engine/internal/sampler/db.go:96.16,98.3 1 0
github.com/Eric033/x-mate/engine/internal/sampler/db.go:99.2,102.16 3 0
github.com/Eric033/x-mate/engine/internal/sampler/db.go:102.16,104.3 1 0
github.com/Eric033/x-mate/engine/internal/sampler/db.go:106.2,107.18 2 0
github.com/Eric033/x-mate/engine/internal/sampler/db.go:107.18,110.25 3 0
github.com/Eric033/x-mate/engine/internal/sampler/db.go:110.25,112.4 1 0
github.com/Eric033/x-mate/engine/internal/sampler/db.go:113.3,113.44 1 0
github.com/Eric033/x-mate/engine/internal/sampler/db.go:113.44,115.4 1 0
github.com/Eric033/x-mate/engine/internal/sampler/db.go:116.3,117.28 2 0
github.com/Eric033/x-mate/engine/internal/sampler/db.go:117.28,118.23 1 0
github.com/Eric033/x-mate/engine/internal/sampler/db.go:118.23,120.5 1 0
github.com/Eric033/x-mate/engine/internal/sampler/db.go:120.10,122.5 1 0
github.com/Eric033/x-mate/engine/internal/sampler/db.go:124.3,124.41 1 0
github.com/Eric033/x-mate/engine/internal/sampler/db.go:127.2,127.20 1 0
github.com/Eric033/x-mate/engine/internal/sampler/db.go:131.97,133.16 2 0
github.com/Eric033/x-mate/engine/internal/sampler/db.go:133.16,135.3 1 0
github.com/Eric033/x-mate/engine/internal/sampler/db.go:137.2,138.16 2 0
github.com/Eric033/x-mate/engine/internal/sampler/db.go:138.16,140.3 1 0
github.com/Eric033/x-mate/engine/internal/sampler/db.go:142.2,143.16 2 0
github.com/Eric033/x-mate/engine/internal/sampler/db.go:143.16,145.3 1 0
github.com/Eric033/x-mate/engine/internal/sampler/db.go:147.2,147.22 1 0
github.com/Eric033/x-mate/engine/internal/sampler/http.go:31.37,36.2 1 1
github.com/Eric033/x-mate/engine/internal/sampler/http.go:39.54,50.16 4 1
github.com/Eric033/x-mate/engine/internal/sampler/http.go:50.16,52.3 1 1
github.com/Eric033/x-mate/engine/internal/sampler/http.go:53.2,53.30 1 1
github.com/Eric033/x-mate/engine/internal/sampler/http.go:53.30,55.37 2 1
github.com/Eric033/x-mate/engine/internal/sampler/http.go:55.37,57.4 1 1
github.com/Eric033/x-mate/engine/internal/sampler/http.go:58.3,58.34 1 1
github.com/Eric033/x-mate/engine/internal/sampler/http.go:61.2,62.20 2 1
github.com/Eric033/x-mate/engine/internal/sampler/http.go:62.20,64.3 1 1
github.com/Eric033/x-mate/engine/internal/sampler/http.go:66.2,67.16 2 1
github.com/Eric033/x-mate/engine/internal/sampler/http.go:67.16,69.3 1 0
github.com/Eric033/x-mate/engine/internal/sampler/http.go:71.2,71.32 1 1
github.com/Eric033/x-mate/engine/internal/sampler/http.go:71.32,73.3 1 1
github.com/Eric033/x-mate/engine/internal/sampler/http.go:75.2,76.16 2 1
github.com/Eric033/x-mate/engine/internal/sampler/http.go:76.16,78.3 1 0
github.com/Eric033/x-mate/engine/internal/sampler/http.go:79.2,82.16 3 1
github.com/Eric033/x-mate/engine/internal/sampler/http.go:82.16,84.3 1 0
github.com/Eric033/x-mate/engine/internal/sampler/http.go:86.2,90.8 1 1
github.com/Eric033/x-mate/engine/internal/sampler/tcp.go:21.35,26.2 1 1
github.com/Eric033/x-mate/engine/internal/sampler/tcp.go:30.74,33.16 3 1
github.com/Eric033/x-mate/engine/internal/sampler/tcp.go:33.16,35.3 1 1
github.com/Eric033/x-mate/engine/internal/sampler/tcp.go:36.2,36.15 1 1
github.com/Eric033/x-mate/engine/internal/sampler/tcp.go:36.15,37.50 1 1
github.com/Eric033/x-mate/engine/internal/sampler/tcp.go:37.50,39.4 1 1
github.com/Eric033/x-mate/engine/internal/sampler/tcp.go:42.2,46.16 3 1
github.com/Eric033/x-mate/engine/internal/sampler/tcp.go:46.16,48.3 1 0
github.com/Eric033/x-mate/engine/internal/sampler/tcp.go:51.2,53.6 3 1
github.com/Eric033/x-mate/engine/internal/sampler/tcp.go:53.6,55.12 2 1
github.com/Eric033/x-mate/engine/internal/sampler/tcp.go:55.12,57.4 1 1
github.com/Eric033/x-mate/engine/internal/sampler/tcp.go:58.3,58.63 1 1
github.com/Eric033/x-mate/engine/internal/sampler/tcp.go:58.63,59.9 1 1
github.com/Eric033/x-mate/engine/internal/sampler/tcp.go:61.3,61.17 1 1
github.com/Eric033/x-mate/engine/internal/sampler/tcp.go:61.17,62.21 1 1
github.com/Eric033/x-mate/engine/internal/sampler/tcp.go:62.21,63.10 1 1
github.com/Eric033/x-mate/engine/internal/sampler/tcp.go:65.4,65.9 1 1
github.com/Eric033/x-mate/engine/internal/sampler/tcp.go:68.3,68.13 1 1
github.com/Eric033/x-mate/engine/internal/sampler/tcp.go:68.13,69.9 1 0
github.com/Eric033/x-mate/engine/internal/sampler/tcp.go:73.2,73.17 1 1
github.com/Eric033/x-mate/engine/internal/sampler/tcp.go:78.67,82.2 3 1
github.com/Eric033/x-mate/engine/internal/sampler/tcp.go:85.55,87.37 2 1
github.com/Eric033/x-mate/engine/internal/sampler/tcp.go:87.37,92.3 4 1
github.com/Eric033/x-mate/engine/internal/sampler/tcp.go:93.2,93.12 1 1
github.com/Eric033/x-mate/engine/internal/sampler/tcp.go:97.38,99.25 2 1
github.com/Eric033/x-mate/engine/internal/sampler/tcp.go:99.25,101.3 1 1
github.com/Eric033/x-mate/engine/internal/sampler/tcp.go:102.2,102.15 1 1
